{
  "Errors": [
    "invalid function call on line 2: \"\"",
    "invalid function call on line 4: \"\""
  ],
  "Goroutines": []
}
